
> react-example@0.0.0 build
> vite build

[36mvite v6.4.1 [32mbuilding for production...[36m[39m
transforming...
[32mΓ£ô[39m 2126 modules transformed.
rendering chunks...
computing gzip size...
[2mdist/[22m[32mindex.html                 [39m[1m[2m  0.42 kB[22m[1m[22m[2m Γöé gzip:   0.29 kB[22m
[2mdist/[22m[35massets/index-L9-Pk5ZM.css  [39m[1m[2m 68.69 kB[22m[1m[22m[2m Γöé gzip:  11.29 kB[22m
[2mdist/[22m[36massets/index-f1S3SJ_X.js   [39m[1m[33m612.98 kB[39m[22m[2m Γöé gzip: 182.31 kB[22m
node.exe : [33m
At C:\Program Files\n
odejs\npm.ps1:29 
char:3
+   & $NODE_EXE 
$NPM_CLI_JS $args
+   ~~~~~~~~~~~~~~~~~
~~~~~~~~~~~~
    + CategoryInfo   
           : NotSpe  
  cified: ([33m:S   
 tring) [], Remot    
eException
    + FullyQualified 
   ErrorId : Native  
  CommandError
 
(!) Some chunks are 
larger than 500 kB 
after minification. 
Consider:
- Using dynamic 
import() to 
code-split the 
application
- Use build.rollupOpt
ions.output.manualChu
nks to improve 
chunking: https://rol
lupjs.org/configurati
on-options/#output-ma
nualchunks
- Adjust chunk size 
limit for this 
warning via build.chu
nkSizeWarningLimit.[
39m
[32mΓ£ô built in 6.69s[39m
